// Jest Snapshot v1, https://goo.gl/fbAQLP

exports[`тест на рендеринг сктраницы сервисов 1`] = `
<div
  className="ServicesPage"
>
  <div
    className="container"
  >
    <div
      className="row"
    >
      <div
        className="col-md-6"
      >
        <div
          className="row"
        >
          <div
            className="col-md-12 ServicesPage-wrapper"
          >
            <h2
              className="ServicesPage-Comments-text"
            >
              Comments
            </h2>
          </div>
          <div
            className="col-md-12"
          >
            <div
              className="row"
            />
          </div>
        </div>
      </div>
      <div
        className="col-md-6"
      >
        <div
          className="row"
        >
          <div
            className="col-md-12 ServicesPage-wrapper"
          >
            <h2
              className="ServicesPage-services-text"
            >
              Services
            </h2>
          </div>
          <div
            className="col-md-12"
          >
            <div
              className="row"
            >
              <div
                className="col-12 col-sm-6"
              >
                <div
                  className="row"
                >
                  <div
                    className="col-12 HomePage-Services-img-wrapper"
                  >
                    <div
                      className="HomePage-Services-img1"
                    >
                      <span
                        hidden={true}
                      >
                        img
                      </span>
                    </div>
                  </div>
                  <div
                    className="col-12"
                  >
                    <p
                      className="HomePage-Services-text"
                    >
                      Work with love
                    </p>
                  </div>
                </div>
              </div>
              <div
                className="col-12 col-sm-6"
              >
                <div
                  className="row"
                >
                  <div
                    className="col-12 HomePage-Services-img-wrapper"
                  >
                    <div
                      className="HomePage-Services-img2"
                    >
                      <span
                        hidden={true}
                      >
                        img
                      </span>
                    </div>
                  </div>
                  <div
                    className="col-12"
                  >
                    <p
                      className="HomePage-Services-text"
                    >
                      Best guarantee
                    </p>
                  </div>
                </div>
              </div>
              <div
                className="col-12 col-sm-6"
              >
                <div
                  className="row"
                >
                  <div
                    className="col-12 HomePage-Services-img-wrapper"
                  >
                    <div
                      className="HomePage-Services-img3"
                    >
                      <span
                        hidden={true}
                      >
                        img
                      </span>
                    </div>
                  </div>
                  <div
                    className="col-12"
                  >
                    <p
                      className="HomePage-Services-text"
                    >
                      Permanent discount
                    </p>
                  </div>
                </div>
              </div>
              <div
                className="col-12 col-sm-6"
              >
                <div
                  className="row"
                >
                  <div
                    className="col-12 HomePage-Services-img-wrapper"
                  >
                    <div
                      className="HomePage-Services-img4"
                    >
                      <span
                        hidden={true}
                      >
                        img
                      </span>
                    </div>
                  </div>
                  <div
                    className="col-12"
                  >
                    <p
                      className="HomePage-Services-text"
                    >
                      Fast delivery
                    </p>
                  </div>
                </div>
              </div>
            </div>
          </div>
        </div>
      </div>
    </div>
  </div>
</div>
`;
